<!DOCTYPE HTML PUBLIC "-//W3C//DTD HTML 4.01 Transitional//EN">
<html>
<head>
  <title>Technical Publications - Document Not Found</title>
  <style>
    body {
	  font-family: Arial, Helvetica, sans-serif;
	  background-color: #FFFFFF;
    }

  </style>
</head>
<body style="padding: 0px;overflow: hidden;">
<img width="50px" src="/services/techpubs/techdocs/logo" align="bottom"/>
<span style="font-size: 20px; color: rgb(0, 102, 255);">Content not currently available.<br/></span>
<hr>
<p><a href="javascript:history.go(-1);">Return to previous document.</a></p>
<div><p>Contact customer support for the CWC website or to communicate other inquiries.</p></div>
</body>
</html>