<HTML><HEAD>
<META http-equiv="Content-Type" content="text/html; charset=UTF-8"></META>
<TITLE>POWER PLANT BUILDUP MANUAL</TITLE>
<SCRIPT>
      function swapImage(id, isoImage)
      {
          strHTML = "<object id=objid_"+ id.toLowerCase() +" height='653' width='668' type='application/x-isoview'></object>";
          arr = (document.all.tags("div"));
					for (i=0;i<arr.length;i++){
					 	divObj=arr[i];
					 	if(divObj.id==id){
					 		img_div = arr[i];
					 	}
          }
          img_div.innerHTML = strHTML;
          iso_obj = document.getElementById("objid_"+ id);
          iso_obj.OpenFile("/services/techpubs/techdocs/pgms/gek112080/versions/10.1/mans/gek112771/res/graphics/" + isoImage,"");
          iso_obj.Iso7ConfigTools(1, 1+16777216+2+4+32+64+256+512+1024+2048+4096, 8+128+131072, 1, false, false);
      }
    </SCRIPT>
<LINK rel="stylesheet" href="/css/geae-em.css" type="text/css"></LINK>
</HEAD><BODY>
<DIV id="printheader" style="display:none">
<TABLE style="width: 100%;border:2px;border-bottom-style:dashed;border-bottom-color:black;">
<TBODY><TR style="font-size:12px;">
<TD style="width:20px;" align="left"><IMG width="20px" height="20px" src="/services/techpubs/techdocs/logo" alt="logo"></IMG></TD><TD style="width:5in;font-weight:bold;" align="left">CF34-10E POWER PLANT BUILDUP MANUAL</TD><TD style="width:1.5in;" align="left"></TD><TD style="width:1.5in;" align="right">Dated 11/30/2015</TD>
</TR>
<TR>
<TD colspan="4" style="font-size:14px;font-weight:bold;text-indent:0.25in;"></TD>
</TR>
<TR>
<TD colspan="4" style="font-size:14px;font-weight:bold;text-indent:0.25in;">CF34-10E POWER PLANT BUILDUP MANUAL</TD>
</TR>
</TBODY></TABLE>
</DIV>
<DIV id="pageheader" style="width: 100%;" class="hideFromPrint">
<TABLE style="width: 100%;">
<TBODY><TR style="font-size:16px;">
<TD align="left"><IMG width="20px" height="20px" src="/services/techpubs/techdocs/logo" alt="logo"></IMG></TD><TD style="font-weight:bold;" align="left">CF34-10E POWER PLANT BUILDUP MANUAL</TD><TD align="right">Dated: 11/30/2015</TD>
</TR>
<TR>
<TD></TD><TD colspan="2" style="font-size:16px;font-weight:bold;"></TD>
</TR>
<TR>
<TD></TD><TD colspan="2" style="font-size:16px;font-weight:bold;"></TD>
</TR>
<TR>
<TD style="height:14px;"></TD>
</TR>
</TBODY></TABLE>
<P class="MsoNormal">&nbsp;</P>

<P class="MsoNormal">&nbsp;</P>

<P class="MsoNormal">You may access the POWER PLANT BUILDUP MANUAL GEK112771 - Rev 5, 11/30/2015 by
clicking <A href="/services/techpubs/techdocs/pgms/gek112080/versions/10.1/mans/gek112771/res/CF34-10E_PPBM_GEK_112771.pdf?bw=low">here</A>.</P>
</DIV>
<DIV id="pagefooter" class="hideFromPrint" style="width: 100%;">
<TABLE style="width: 100%;">
<TBODY><TR>
<TD align="center" style="padding-top: 72px; font-size:12px;font-weight:bold;">GE PROPRIETARY INFORMATION - Subject to the restrictions on the media.</TD>
</TR>
</TBODY></TABLE>
</DIV>
<DIV id="printfooter" style="display:none">
<TABLE style="width: 100%;border:2px;border-top-style:solid;border-top-color:black;">
<TBODY><TR>
<TD style="width:1.5in;font-size:14px;border:2px;border-right-style:solid;border-right-color:black;">Date Printed:<BR></BR> {cd}</TD><TD style="width:8in;font-size:12px;">GE PROPRIETARY INFORMATION - Not to be used, disclosed to others or reproduced without the express written consent of GE. Technical data is considered ITAR and/or EAR controlled; transfer of this data to a Non-US Person, without USG authorization, is strictly prohibited.</TD><TD style="width:1.5in;font-size:14px;text-align:right;border:2px;border-left-style:solid;border-left-color:black;">{Page}</TD>
</TR>
</TBODY></TABLE>
</DIV>

</BODY></HTML>