<html>
<head>
  <title></title>
</head>
<body style="margin: 0 0 0 0;overflow:hidden" data-techpubmeta="{&quot;type&quot;:&quot;FH&quot;,&quot;title&quot;:&quot;Human Factors&quot;,&quot;resourceUri&quot;:&quot;/techpubs/techdocs/testID?type=fh&quot;,&quot;documentsUri&quot;:&quot;/techpubs/techdocs/testID/associated?type=fh&quot;}">
<embed id="embed_bin" src="/services/techpubs/techdocs/testID/pdf?type=fh" type="application/pdf" style="margin: 0 0 0 0" width="100%" height="100%">
</embed>
</body>
</html>