<HTML><HEAD>
    <META http-equiv="Content-Type" content="text/html; charset=UTF-8"></META>
    <TITLE>TABLE OF CONTENTS - EIPC </TITLE>
    <LINK href="table.css" rel="stylesheet"></LINK>
    <STYLE type="text/css">.TableHeader {font-size: 14pt; font-family: Arial; font-weight: bold; color: black; padding-top:8pt;}table {border-collapse: separate;border-spacing: 0;color: #4a4a4d;font: 14px/1.4 "Helvetica Neue", Helvetica, Arial, sans-serif;}th,td {padding: 10px 15px;vertical-align: middle;}thead {font-size: 15px;font-weight: bold;color: #FFFFFF;border-left: 2px solid #D0E4F5;text-transform: uppercase;background: #1C6EA4;}th:first-child {border-top-left-radius: 5px;text-align: left;}th:last-child {border-top-right-radius: 5px;}tbody tr:nth-child(even) {background: #f0f0f2;}td {border-bottom: 1px solid #cecfd5;border-right: 1px solid #cecfd5;}td:first-child {border-left: 1px solid #cecfd5;}tfoot {text-align: right;}tfoot tr:last-child {background: #f0f0f2;color: #395870;font-weight: bold;}tfoot tr:last-child td:first-child {border-bottom-left-radius: 5px;}tfoot tr:last-child td:last-child {border-bottom-right-radius: 5px;}</STYLE>
</HEAD><BODY>
<IMG width="50" src="/services/techpubs/techdocs/logo"></IMG>
<DIV class="TableHeader" style="border-bottom:1px solid black; margin-bottom: 15px;">
    Passport 20
</DIV>
<TABLE>
    <THEAD>
    <TR>
        <TD><B>Document Title</B></TD>
        <TD><B>Data Module Code</B></TD>
        <TD><B>Issue Number</B></TD>
    </TR>
    </THEAD>
    <TBODY>
    <TR>
        <TD>EIPD - Introduction</TD>
        <TD colspan="2"><A href="/services/techpubs/techdocs/pgms/gek112064/versions/2.3/mans/gek112064/file/DMC-PASSPORT20-A-00-00-00-01B-018A-D_000-00_SX-US.htm?bw=low">DMC-PASSPORT20-A-00-00-00-01B-018A-D_000-00_SX-US</A></TD>
    </TR>
    </TBODY>
</TABLE>

</BODY></HTML>